Raw input loaded successfully.
                                                                                
--- HOURLY CADENCE ---
+----------+-----+                                                              
|      date|count|
+----------+-----+
|2013-11-03|   24|
|2013-11-06|   24|
|2013-11-05|   24|
|2013-11-07|   24|
|2013-11-02|   24|
|2013-11-01|   24|
|2013-11-04|   24|
+----------+-----+

                                                                                
============================================================
SP2 - CLEANING SUMMARY
============================================================
Records before cleaning : 15089165
Rejected records        : 0
Accepted records        : 15089165
Final records           : 1602304

--- NULL HANDLING ---
sms_in: 9065620
sms_out: 11542655
call_in: 10979856
call_out: 8604862
internet: 8369201

Total activity nulls handled: 0
============================================================

--- CLEAN NETWORK DATA ---
+-------------------+-------+------------+------+-------+-------+--------+--------+------------------+------------------+------------------+----------+----+-----------+
|timestamp          |grid_id|country_code|sms_in|sms_out|call_in|call_out|internet|total_sms         |total_calls       |total_activity    |date      |hour|day_of_week|
+-------------------+-------+------------+------+-------+-------+--------+--------+------------------+------------------+------------------+----------+----+-----------+
|2013-11-01 00:00:00|1      |39          |1.7322|1.1047 |0.5919 |0.402   |57.7729 |2.8369            |0.9939            |61.6037           |2013-11-01|0   |6          |
|2013-11-01 00:00:00|2      |39          |1.7334|1.088  |0.602  |0.4109  |57.8875 |2.8214            |1.0129            |61.7218           |2013-11-01|0   |6          |
|2013-11-01 00:00:00|3      |39          |1.7348|1.0701 |0.6128 |0.4203  |58.0095 |2.8049            |1.0331000000000001|61.847500000000004|2013-11-01|0   |6          |
|2013-11-01 00:00:00|4      |39          |1.7284|1.1533 |0.5627 |0.3763  |57.4408 |2.8817            |0.9390000000000001|61.261500000000005|2013-11-01|0   |6          |
|2013-11-01 00:00:00|5      |39          |1.553 |1.0439 |0.511  |0.3503  |52.1497 |2.5968999999999998|0.8613            |55.6079           |2013-11-01|0   |6          |
|2013-11-01 00:00:00|6      |39          |1.7348|1.0701 |0.6128 |0.4203  |58.0095 |2.8049            |1.0331000000000001|61.847500000000004|2013-11-01|0   |6          |
|2013-11-01 00:00:00|7      |39          |1.7348|1.0701 |0.6128 |0.4203  |58.0095 |2.8049            |1.0331000000000001|61.847500000000004|2013-11-01|0   |6          |
|2013-11-01 00:00:00|8      |39          |1.7348|1.0701 |0.6128 |0.4203  |58.0095 |2.8049            |1.0331000000000001|61.847500000000004|2013-11-01|0   |6          |
|2013-11-01 00:00:00|9      |39          |1.7348|1.0701 |0.6128 |0.4203  |58.0095 |2.8049            |1.0331000000000001|61.847500000000004|2013-11-01|0   |6          |
|2013-11-01 00:00:00|10     |39          |0.9149|0.499  |0.4043 |0.3287  |33.5432 |1.4139            |0.733             |35.6901           |2013-11-01|0   |6          |
+-------------------+-------+------------+------+-------+-------+--------+--------+------------------+------------------+------------------+----------+----+-----------+
only showing top 10 rows

--- REJECTED RECORDS ---
+---------+-------+------------+------+-------+-------+--------+--------+       
|timestamp|grid_id|country_code|sms_in|sms_out|call_in|call_out|internet|
+---------+-------+------------+------+-------+-------+--------+--------+
+---------+-------+------------+------+-------+-------+--------+--------+


--- REJECTED RECORD SUMMARY ---
{'raw_record_count': 15089165, 'rejected_record_count': 0, 'accepted_record_count': 15089165, 'final_record_count': 1602304}

--- NULL HANDLING REPORT ---